{
  "records": 1,
  "_embedded": {
    "values": [
      "value1",
      "value2"
    ]
  }
}