{
  "name": "ea",
  "href": "/orders",
  "templated": true,
  "age": 10
}