"curies": [
  {
    "name": "ea",
    "href": "http://example.com/docs/rels/{rel}",
    "templated": true
  }
]